<?xml version="1.0" encoding="utf-8"?><testsuites name="pytest tests"><testsuite name="pytest" errors="0" failures="0" skipped="0" tests="5" time="0.005" timestamp="2025-09-26T14:11:39.375965+01:00" hostname="Peters-MacBook-Air-2.local"><testcase classname="test" name="test_add" time="0.000" /><testcase classname="test" name="test_subtract" time="0.000" /><testcase classname="test" name="test_multiply" time="0.000" /><testcase classname="test" name="test_divide" time="0.000" /><testcase classname="test" name="test_sqrt" time="0.000" /></testsuite></testsuites>